Time resolution is 1 ps
Time: 0 | PC_out: 00 | Opcode: zzz | Operand: zzzzz | Accumulator: 0 | ALU_Result: x | Instr: xx | Data_Mem: xx | Wr_En: 0 | Mux_Sel: 1 | PC_En: 0 | SKZ: 0 | JMP: 0 | state: 0000 | ld_ac: 0 | alu_enable: 0
State INST_FETCH: 0000
Time: 3000 | PC_out: 00 | Opcode: zzz | Operand: zzzzz | Accumulator: 0 | ALU_Result: x | Instr: xx | Data_Mem: xx | Wr_En: 0 | Mux_Sel: 1 | PC_En: 0 | SKZ: 0 | JMP: 0 | state: 0001 | ld_ac: 0 | alu_enable: 0
State INST_LOAD: 0001
Time: 5000 | PC_out: 00 | Opcode: zzz | Operand: zzzzz | Accumulator: 0 | ALU_Result: x | Instr: fe | Data_Mem: xx | Wr_En: 0 | Mux_Sel: 1 | PC_En: 0 | SKZ: 0 | JMP: 0 | state: 0010 | ld_ac: 0 | alu_enable: 0
State IDLE: 0010
Time: 7000 | PC_out: 00 | Opcode: 111 | Operand: 11110 | Accumulator: 0 | ALU_Result: x | Instr: fe | Data_Mem: xx | Wr_En: 0 | Mux_Sel: 1 | PC_En: 0 | SKZ: 0 | JMP: 0 | state: 0011 | ld_ac: 0 | alu_enable: 0
State OP_ADDR: 0011
Time: 9000 | PC_out: 00 | Opcode: 111 | Operand: 11110 | Accumulator: 0 | ALU_Result: x | Instr: fe | Data_Mem: xx | Wr_En: 0 | Mux_Sel: 0 | PC_En: 0 | SKZ: 0 | JMP: 0 | state: 0100 | ld_ac: 0 | alu_enable: 0
State OP_FETCH: 0100
Time: 11000 | PC_out: 00 | Opcode: 111 | Operand: 11110 | Accumulator: 0 | ALU_Result: x | Instr: fe | Data_Mem: xx | Wr_En: 0 | Mux_Sel: 0 | PC_En: 0 | SKZ: 0 | JMP: 1 | state: 0101 | ld_ac: 0 | alu_enable: 0
State ALU_OP: 0101
Time: 13000 | PC_out: 00 | Opcode: 111 | Operand: 11110 | Accumulator: 0 | ALU_Result: x | Instr: fe | Data_Mem: xx | Wr_En: 0 | Mux_Sel: 0 | PC_En: 0 | SKZ: 0 | JMP: 1 | state: 0110 | ld_ac: 0 | alu_enable: 0
State STORE: 0110
Time: 15000 | PC_out: 00 | Opcode: 111 | Operand: 11110 | Accumulator: 0 | ALU_Result: x | Instr: fe | Data_Mem: xx | Wr_En: 0 | Mux_Sel: 1 | PC_En: 1 | SKZ: 0 | JMP: 1 | state: 0111 | ld_ac: 0 | alu_enable: 0
State INST_ADDR: 0111
Time: 17000 | PC_out: 1e | Opcode: 111 | Operand: 11110 | Accumulator: 0 | ALU_Result: x | Instr: fe | Data_Mem: xx | Wr_En: 0 | Mux_Sel: 1 | PC_En: 0 | SKZ: 0 | JMP: 0 | state: 0000 | ld_ac: 0 | alu_enable: 0
State INST_FETCH: 0000
Time: 19000 | PC_out: 1e | Opcode: 111 | Operand: 11110 | Accumulator: 0 | ALU_Result: x | Instr: fe | Data_Mem: xx | Wr_En: 0 | Mux_Sel: 1 | PC_En: 0 | SKZ: 0 | JMP: 0 | state: 0001 | ld_ac: 0 | alu_enable: 0
State INST_LOAD: 0001
Time: 21000 | PC_out: 1e | Opcode: 111 | Operand: 11110 | Accumulator: 0 | ALU_Result: x | Instr: e3 | Data_Mem: xx | Wr_En: 0 | Mux_Sel: 1 | PC_En: 0 | SKZ: 0 | JMP: 0 | state: 0010 | ld_ac: 0 | alu_enable: 0
State IDLE: 0010
Time: 23000 | PC_out: 1e | Opcode: 111 | Operand: 00011 | Accumulator: 0 | ALU_Result: x | Instr: e3 | Data_Mem: xx | Wr_En: 0 | Mux_Sel: 1 | PC_En: 0 | SKZ: 0 | JMP: 0 | state: 0011 | ld_ac: 0 | alu_enable: 0
State OP_ADDR: 0011
Time: 25000 | PC_out: 1e | Opcode: 111 | Operand: 00011 | Accumulator: 0 | ALU_Result: x | Instr: e3 | Data_Mem: xx | Wr_En: 0 | Mux_Sel: 0 | PC_En: 0 | SKZ: 0 | JMP: 0 | state: 0100 | ld_ac: 0 | alu_enable: 0
State OP_FETCH: 0100
Time: 27000 | PC_out: 1e | Opcode: 111 | Operand: 00011 | Accumulator: 0 | ALU_Result: x | Instr: e3 | Data_Mem: xx | Wr_En: 0 | Mux_Sel: 0 | PC_En: 0 | SKZ: 0 | JMP: 1 | state: 0101 | ld_ac: 0 | alu_enable: 0
State ALU_OP: 0101
Time: 29000 | PC_out: 1e | Opcode: 111 | Operand: 00011 | Accumulator: 0 | ALU_Result: x | Instr: e3 | Data_Mem: 00 | Wr_En: 0 | Mux_Sel: 0 | PC_En: 0 | SKZ: 0 | JMP: 1 | state: 0110 | ld_ac: 0 | alu_enable: 0
State STORE: 0110
Time: 31000 | PC_out: 1e | Opcode: 111 | Operand: 00011 | Accumulator: 0 | ALU_Result: x | Instr: e3 | Data_Mem: 00 | Wr_En: 0 | Mux_Sel: 1 | PC_En: 1 | SKZ: 0 | JMP: 1 | state: 0111 | ld_ac: 0 | alu_enable: 0
State INST_ADDR: 0111
Time: 33000 | PC_out: 03 | Opcode: 111 | Operand: 00011 | Accumulator: 0 | ALU_Result: x | Instr: e3 | Data_Mem: 00 | Wr_En: 0 | Mux_Sel: 1 | PC_En: 0 | SKZ: 0 | JMP: 0 | state: 0000 | ld_ac: 0 | alu_enable: 0
State INST_FETCH: 0000
Time: 35000 | PC_out: 03 | Opcode: 111 | Operand: 00011 | Accumulator: 0 | ALU_Result: x | Instr: e3 | Data_Mem: 00 | Wr_En: 0 | Mux_Sel: 1 | PC_En: 0 | SKZ: 0 | JMP: 0 | state: 0001 | ld_ac: 0 | alu_enable: 0
State INST_LOAD: 0001
Time: 37000 | PC_out: 03 | Opcode: 111 | Operand: 00011 | Accumulator: 0 | ALU_Result: x | Instr: ba | Data_Mem: 00 | Wr_En: 0 | Mux_Sel: 1 | PC_En: 0 | SKZ: 0 | JMP: 0 | state: 0010 | ld_ac: 0 | alu_enable: 0
State IDLE: 0010
Time: 39000 | PC_out: 03 | Opcode: 101 | Operand: 11010 | Accumulator: 0 | ALU_Result: x | Instr: ba | Data_Mem: 00 | Wr_En: 0 | Mux_Sel: 1 | PC_En: 0 | SKZ: 0 | JMP: 0 | state: 0011 | ld_ac: 0 | alu_enable: 0
State OP_ADDR: 0011
Time: 41000 | PC_out: 03 | Opcode: 101 | Operand: 11010 | Accumulator: 0 | ALU_Result: x | Instr: ba | Data_Mem: 00 | Wr_En: 0 | Mux_Sel: 0 | PC_En: 0 | SKZ: 0 | JMP: 0 | state: 0100 | ld_ac: 0 | alu_enable: 0
State OP_FETCH: 0100
Time: 43000 | PC_out: 03 | Opcode: 101 | Operand: 11010 | Accumulator: 0 | ALU_Result: x | Instr: ba | Data_Mem: 00 | Wr_En: 0 | Mux_Sel: 0 | PC_En: 0 | SKZ: 0 | JMP: 0 | state: 0101 | ld_ac: 0 | alu_enable: 1
State ALU_OP: 0101
Time: 45000 | PC_out: 03 | Opcode: 101 | Operand: 11010 | Accumulator: 0 | ALU_Result: 0 | Instr: ba | Data_Mem: 00 | Wr_En: 0 | Mux_Sel: 0 | PC_En: 0 | SKZ: 0 | JMP: 0 | state: 0110 | ld_ac: 1 | alu_enable: 1
State STORE: 0110
Time: 47000 | PC_out: 03 | Opcode: 101 | Operand: 11010 | Accumulator: 0 | ALU_Result: 0 | Instr: ba | Data_Mem: 00 | Wr_En: 0 | Mux_Sel: 1 | PC_En: 0 | SKZ: 0 | JMP: 0 | state: 0111 | ld_ac: 1 | alu_enable: 0
State INST_ADDR: 0111
Time: 49000 | PC_out: 03 | Opcode: 101 | Operand: 11010 | Accumulator: 0 | ALU_Result: 0 | Instr: ba | Data_Mem: 00 | Wr_En: 0 | Mux_Sel: 1 | PC_En: 1 | SKZ: 0 | JMP: 0 | state: 0000 | ld_ac: 0 | alu_enable: 0
State INST_FETCH: 0000
Time: 51000 | PC_out: 04 | Opcode: 101 | Operand: 11010 | Accumulator: 0 | ALU_Result: 0 | Instr: ba | Data_Mem: 00 | Wr_En: 0 | Mux_Sel: 1 | PC_En: 0 | SKZ: 0 | JMP: 0 | state: 0001 | ld_ac: 0 | alu_enable: 0
State INST_LOAD: 0001
Time: 53000 | PC_out: 04 | Opcode: 101 | Operand: 11010 | Accumulator: 0 | ALU_Result: 0 | Instr: ba | Data_Mem: 00 | Wr_En: 0 | Mux_Sel: 1 | PC_En: 0 | SKZ: 0 | JMP: 0 | state: 0010 | ld_ac: 0 | alu_enable: 0
State IDLE: 0010
Time: 55000 | PC_out: 04 | Opcode: 101 | Operand: 11010 | Accumulator: 0 | ALU_Result: 0 | Instr: 20 | Data_Mem: 00 | Wr_En: 0 | Mux_Sel: 1 | PC_En: 0 | SKZ: 0 | JMP: 0 | state: 0011 | ld_ac: 0 | alu_enable: 0
State OP_ADDR: 0011
Time: 57000 | PC_out: 04 | Opcode: 001 | Operand: 00000 | Accumulator: 0 | ALU_Result: 0 | Instr: 20 | Data_Mem: 00 | Wr_En: 0 | Mux_Sel: 0 | PC_En: 0 | SKZ: 0 | JMP: 0 | state: 0100 | ld_ac: 0 | alu_enable: 0
State OP_FETCH: 0100
Time: 59000 | PC_out: 04 | Opcode: 001 | Operand: 00000 | Accumulator: 0 | ALU_Result: 0 | Instr: 20 | Data_Mem: 00 | Wr_En: 0 | Mux_Sel: 0 | PC_En: 0 | SKZ: 1 | JMP: 0 | state: 0101 | ld_ac: 0 | alu_enable: 0
State ALU_OP: 0101
Time: 61000 | PC_out: 04 | Opcode: 001 | Operand: 00000 | Accumulator: 0 | ALU_Result: 0 | Instr: 20 | Data_Mem: 00 | Wr_En: 0 | Mux_Sel: 0 | PC_En: 0 | SKZ: 1 | JMP: 0 | state: 0110 | ld_ac: 0 | alu_enable: 0
State STORE: 0110
Time: 63000 | PC_out: 04 | Opcode: 001 | Operand: 00000 | Accumulator: 0 | ALU_Result: 0 | Instr: 20 | Data_Mem: 00 | Wr_En: 0 | Mux_Sel: 1 | PC_En: 1 | SKZ: 1 | JMP: 0 | state: 0111 | ld_ac: 0 | alu_enable: 0
State INST_ADDR: 0111
Time: 65000 | PC_out: 06 | Opcode: 001 | Operand: 00000 | Accumulator: 0 | ALU_Result: 0 | Instr: 20 | Data_Mem: 00 | Wr_En: 0 | Mux_Sel: 1 | PC_En: 0 | SKZ: 0 | JMP: 0 | state: 0000 | ld_ac: 0 | alu_enable: 0
State INST_FETCH: 0000
Time: 67000 | PC_out: 06 | Opcode: 001 | Operand: 00000 | Accumulator: 0 | ALU_Result: 0 | Instr: 20 | Data_Mem: 00 | Wr_En: 0 | Mux_Sel: 1 | PC_En: 0 | SKZ: 0 | JMP: 0 | state: 0001 | ld_ac: 0 | alu_enable: 0
State INST_LOAD: 0001
Time: 69000 | PC_out: 06 | Opcode: 001 | Operand: 00000 | Accumulator: 0 | ALU_Result: 0 | Instr: bb | Data_Mem: 00 | Wr_En: 0 | Mux_Sel: 1 | PC_En: 0 | SKZ: 0 | JMP: 0 | state: 0010 | ld_ac: 0 | alu_enable: 0
State IDLE: 0010
Time: 71000 | PC_out: 06 | Opcode: 101 | Operand: 11011 | Accumulator: 0 | ALU_Result: 0 | Instr: bb | Data_Mem: 00 | Wr_En: 0 | Mux_Sel: 1 | PC_En: 0 | SKZ: 0 | JMP: 0 | state: 0011 | ld_ac: 0 | alu_enable: 0
State OP_ADDR: 0011
Time: 73000 | PC_out: 06 | Opcode: 101 | Operand: 11011 | Accumulator: 0 | ALU_Result: 0 | Instr: bb | Data_Mem: 00 | Wr_En: 0 | Mux_Sel: 0 | PC_En: 0 | SKZ: 0 | JMP: 0 | state: 0100 | ld_ac: 0 | alu_enable: 0
State OP_FETCH: 0100
Time: 75000 | PC_out: 06 | Opcode: 101 | Operand: 11011 | Accumulator: 0 | ALU_Result: 0 | Instr: bb | Data_Mem: 00 | Wr_En: 0 | Mux_Sel: 0 | PC_En: 0 | SKZ: 0 | JMP: 0 | state: 0101 | ld_ac: 0 | alu_enable: 1
State ALU_OP: 0101
Time: 77000 | PC_out: 06 | Opcode: 101 | Operand: 11011 | Accumulator: 0 | ALU_Result: 0 | Instr: bb | Data_Mem: ff | Wr_En: 0 | Mux_Sel: 0 | PC_En: 0 | SKZ: 0 | JMP: 0 | state: 0110 | ld_ac: 1 | alu_enable: 1
State STORE: 0110
Time: 79000 | PC_out: 06 | Opcode: 101 | Operand: 11011 | Accumulator: 0 | ALU_Result: 255 | Instr: bb | Data_Mem: ff | Wr_En: 0 | Mux_Sel: 1 | PC_En: 0 | SKZ: 0 | JMP: 0 | state: 0111 | ld_ac: 1 | alu_enable: 0
State INST_ADDR: 0111
Time: 81000 | PC_out: 06 | Opcode: 101 | Operand: 11011 | Accumulator: 11111111 | ALU_Result: 255 | Instr: bb | Data_Mem: ff | Wr_En: 0 | Mux_Sel: 1 | PC_En: 1 | SKZ: 0 | JMP: 0 | state: 0000 | ld_ac: 0 | alu_enable: 0
State INST_FETCH: 0000
Time: 83000 | PC_out: 07 | Opcode: 101 | Operand: 11011 | Accumulator: 11111111 | ALU_Result: 255 | Instr: bb | Data_Mem: ff | Wr_En: 0 | Mux_Sel: 1 | PC_En: 0 | SKZ: 0 | JMP: 0 | state: 0001 | ld_ac: 0 | alu_enable: 0
State INST_LOAD: 0001
Time: 85000 | PC_out: 07 | Opcode: 101 | Operand: 11011 | Accumulator: 11111111 | ALU_Result: 255 | Instr: bb | Data_Mem: ff | Wr_En: 0 | Mux_Sel: 1 | PC_En: 0 | SKZ: 0 | JMP: 0 | state: 0010 | ld_ac: 0 | alu_enable: 0
State IDLE: 0010
Time: 87000 | PC_out: 07 | Opcode: 101 | Operand: 11011 | Accumulator: 11111111 | ALU_Result: 255 | Instr: 20 | Data_Mem: ff | Wr_En: 0 | Mux_Sel: 1 | PC_En: 0 | SKZ: 0 | JMP: 0 | state: 0011 | ld_ac: 0 | alu_enable: 0
State OP_ADDR: 0011
Time: 89000 | PC_out: 07 | Opcode: 001 | Operand: 00000 | Accumulator: 11111111 | ALU_Result: 255 | Instr: 20 | Data_Mem: ff | Wr_En: 0 | Mux_Sel: 0 | PC_En: 0 | SKZ: 0 | JMP: 0 | state: 0100 | ld_ac: 0 | alu_enable: 0
State OP_FETCH: 0100
Time: 91000 | PC_out: 07 | Opcode: 001 | Operand: 00000 | Accumulator: 11111111 | ALU_Result: 255 | Instr: 20 | Data_Mem: ff | Wr_En: 0 | Mux_Sel: 0 | PC_En: 0 | SKZ: 1 | JMP: 0 | state: 0101 | ld_ac: 0 | alu_enable: 0
State ALU_OP: 0101
Time: 93000 | PC_out: 07 | Opcode: 001 | Operand: 00000 | Accumulator: 11111111 | ALU_Result: 255 | Instr: 20 | Data_Mem: 00 | Wr_En: 0 | Mux_Sel: 0 | PC_En: 0 | SKZ: 1 | JMP: 0 | state: 0110 | ld_ac: 0 | alu_enable: 0
State STORE: 0110
Time: 95000 | PC_out: 07 | Opcode: 001 | Operand: 00000 | Accumulator: 11111111 | ALU_Result: 255 | Instr: 20 | Data_Mem: 00 | Wr_En: 0 | Mux_Sel: 1 | PC_En: 1 | SKZ: 1 | JMP: 0 | state: 0111 | ld_ac: 0 | alu_enable: 0
State INST_ADDR: 0111
Time: 97000 | PC_out: 08 | Opcode: 001 | Operand: 00000 | Accumulator: 11111111 | ALU_Result: 255 | Instr: 20 | Data_Mem: 00 | Wr_En: 0 | Mux_Sel: 1 | PC_En: 0 | SKZ: 0 | JMP: 0 | state: 0000 | ld_ac: 0 | alu_enable: 0
State INST_FETCH: 0000
Time: 99000 | PC_out: 08 | Opcode: 001 | Operand: 00000 | Accumulator: 11111111 | ALU_Result: 255 | Instr: 20 | Data_Mem: 00 | Wr_En: 0 | Mux_Sel: 1 | PC_En: 0 | SKZ: 0 | JMP: 0 | state: 0001 | ld_ac: 0 | alu_enable: 0
State INST_LOAD: 0001
Time: 101000 | PC_out: 08 | Opcode: 001 | Operand: 00000 | Accumulator: 11111111 | ALU_Result: 255 | Instr: ea | Data_Mem: 00 | Wr_En: 0 | Mux_Sel: 1 | PC_En: 0 | SKZ: 0 | JMP: 0 | state: 0010 | ld_ac: 0 | alu_enable: 0
State IDLE: 0010
Time: 103000 | PC_out: 08 | Opcode: 111 | Operand: 01010 | Accumulator: 11111111 | ALU_Result: 255 | Instr: ea | Data_Mem: 00 | Wr_En: 0 | Mux_Sel: 1 | PC_En: 0 | SKZ: 0 | JMP: 0 | state: 0011 | ld_ac: 0 | alu_enable: 0
State OP_ADDR: 0011
Time: 105000 | PC_out: 08 | Opcode: 111 | Operand: 01010 | Accumulator: 11111111 | ALU_Result: 255 | Instr: ea | Data_Mem: 00 | Wr_En: 0 | Mux_Sel: 0 | PC_En: 0 | SKZ: 0 | JMP: 0 | state: 0100 | ld_ac: 0 | alu_enable: 0
State OP_FETCH: 0100
Time: 107000 | PC_out: 08 | Opcode: 111 | Operand: 01010 | Accumulator: 11111111 | ALU_Result: 255 | Instr: ea | Data_Mem: 00 | Wr_En: 0 | Mux_Sel: 0 | PC_En: 0 | SKZ: 0 | JMP: 1 | state: 0101 | ld_ac: 0 | alu_enable: 0
State ALU_OP: 0101
Time: 109000 | PC_out: 08 | Opcode: 111 | Operand: 01010 | Accumulator: 11111111 | ALU_Result: 255 | Instr: ea | Data_Mem: 00 | Wr_En: 0 | Mux_Sel: 0 | PC_En: 0 | SKZ: 0 | JMP: 1 | state: 0110 | ld_ac: 0 | alu_enable: 0
State STORE: 0110
Time: 111000 | PC_out: 08 | Opcode: 111 | Operand: 01010 | Accumulator: 11111111 | ALU_Result: 255 | Instr: ea | Data_Mem: 00 | Wr_En: 0 | Mux_Sel: 1 | PC_En: 1 | SKZ: 0 | JMP: 1 | state: 0111 | ld_ac: 0 | alu_enable: 0
State INST_ADDR: 0111
Time: 113000 | PC_out: 0a | Opcode: 111 | Operand: 01010 | Accumulator: 11111111 | ALU_Result: 255 | Instr: ea | Data_Mem: 00 | Wr_En: 0 | Mux_Sel: 1 | PC_En: 0 | SKZ: 0 | JMP: 0 | state: 0000 | ld_ac: 0 | alu_enable: 0
State INST_FETCH: 0000
Time: 115000 | PC_out: 0a | Opcode: 111 | Operand: 01010 | Accumulator: 11111111 | ALU_Result: 255 | Instr: ea | Data_Mem: 00 | Wr_En: 0 | Mux_Sel: 1 | PC_En: 0 | SKZ: 0 | JMP: 0 | state: 0001 | ld_ac: 0 | alu_enable: 0
State INST_LOAD: 0001
Time: 117000 | PC_out: 0a | Opcode: 111 | Operand: 01010 | Accumulator: 11111111 | ALU_Result: 255 | Instr: dc | Data_Mem: 00 | Wr_En: 0 | Mux_Sel: 1 | PC_En: 0 | SKZ: 0 | JMP: 0 | state: 0010 | ld_ac: 0 | alu_enable: 0
State IDLE: 0010
Time: 119000 | PC_out: 0a | Opcode: 110 | Operand: 11100 | Accumulator: 11111111 | ALU_Result: 255 | Instr: dc | Data_Mem: 00 | Wr_En: 0 | Mux_Sel: 1 | PC_En: 0 | SKZ: 0 | JMP: 0 | state: 0011 | ld_ac: 0 | alu_enable: 0
State OP_ADDR: 0011
Time: 121000 | PC_out: 0a | Opcode: 110 | Operand: 11100 | Accumulator: 11111111 | ALU_Result: 255 | Instr: dc | Data_Mem: 00 | Wr_En: 0 | Mux_Sel: 0 | PC_En: 0 | SKZ: 0 | JMP: 0 | state: 0100 | ld_ac: 0 | alu_enable: 0
State OP_FETCH: 0100
Time: 123000 | PC_out: 0a | Opcode: 110 | Operand: 11100 | Accumulator: 11111111 | ALU_Result: 255 | Instr: dc | Data_Mem: 00 | Wr_En: 0 | Mux_Sel: 0 | PC_En: 0 | SKZ: 0 | JMP: 0 | state: 0101 | ld_ac: 0 | alu_enable: 0
State ALU_OP: 0101
Time: 125000 | PC_out: 0a | Opcode: 110 | Operand: 11100 | Accumulator: 11111111 | ALU_Result: 255 | Instr: dc | Data_Mem: aa | Wr_En: 0 | Mux_Sel: 0 | PC_En: 0 | SKZ: 0 | JMP: 0 | state: 0110 | ld_ac: 0 | alu_enable: 0
State STORE: 0110
Time: 127000 | PC_out: 0a | Opcode: 110 | Operand: 11100 | Accumulator: 11111111 | ALU_Result: 255 | Instr: dc | Data_Mem: ff | Wr_En: 1 | Mux_Sel: 1 | PC_En: 0 | SKZ: 0 | JMP: 0 | state: 0111 | ld_ac: 0 | alu_enable: 0
State INST_ADDR: 0111
Time: 129000 | PC_out: 0a | Opcode: 110 | Operand: 11100 | Accumulator: 11111111 | ALU_Result: 255 | Instr: dc | Data_Mem: aa | Wr_En: 0 | Mux_Sel: 1 | PC_En: 1 | SKZ: 0 | JMP: 0 | state: 0000 | ld_ac: 0 | alu_enable: 0
State INST_FETCH: 0000
Time: 131000 | PC_out: 0b | Opcode: 110 | Operand: 11100 | Accumulator: 11111111 | ALU_Result: 255 | Instr: dc | Data_Mem: ff | Wr_En: 0 | Mux_Sel: 1 | PC_En: 0 | SKZ: 0 | JMP: 0 | state: 0001 | ld_ac: 0 | alu_enable: 0
State INST_LOAD: 0001
Time: 133000 | PC_out: 0b | Opcode: 110 | Operand: 11100 | Accumulator: 11111111 | ALU_Result: 255 | Instr: dc | Data_Mem: ff | Wr_En: 0 | Mux_Sel: 1 | PC_En: 0 | SKZ: 0 | JMP: 0 | state: 0010 | ld_ac: 0 | alu_enable: 0
State IDLE: 0010
Time: 135000 | PC_out: 0b | Opcode: 110 | Operand: 11100 | Accumulator: 11111111 | ALU_Result: 255 | Instr: ba | Data_Mem: ff | Wr_En: 0 | Mux_Sel: 1 | PC_En: 0 | SKZ: 0 | JMP: 0 | state: 0011 | ld_ac: 0 | alu_enable: 0
State OP_ADDR: 0011
Time: 137000 | PC_out: 0b | Opcode: 101 | Operand: 11010 | Accumulator: 11111111 | ALU_Result: 255 | Instr: ba | Data_Mem: ff | Wr_En: 0 | Mux_Sel: 0 | PC_En: 0 | SKZ: 0 | JMP: 0 | state: 0100 | ld_ac: 0 | alu_enable: 0
State OP_FETCH: 0100
Time: 139000 | PC_out: 0b | Opcode: 101 | Operand: 11010 | Accumulator: 11111111 | ALU_Result: 255 | Instr: ba | Data_Mem: ff | Wr_En: 0 | Mux_Sel: 0 | PC_En: 0 | SKZ: 0 | JMP: 0 | state: 0101 | ld_ac: 0 | alu_enable: 1
State ALU_OP: 0101
Time: 141000 | PC_out: 0b | Opcode: 101 | Operand: 11010 | Accumulator: 11111111 | ALU_Result: 255 | Instr: ba | Data_Mem: 00 | Wr_En: 0 | Mux_Sel: 0 | PC_En: 0 | SKZ: 0 | JMP: 0 | state: 0110 | ld_ac: 1 | alu_enable: 1
State STORE: 0110
Time: 143000 | PC_out: 0b | Opcode: 101 | Operand: 11010 | Accumulator: 11111111 | ALU_Result: 0 | Instr: ba | Data_Mem: 00 | Wr_En: 0 | Mux_Sel: 1 | PC_En: 0 | SKZ: 0 | JMP: 0 | state: 0111 | ld_ac: 1 | alu_enable: 0
State INST_ADDR: 0111
Time: 145000 | PC_out: 0b | Opcode: 101 | Operand: 11010 | Accumulator: 0 | ALU_Result: 0 | Instr: ba | Data_Mem: 00 | Wr_En: 0 | Mux_Sel: 1 | PC_En: 1 | SKZ: 0 | JMP: 0 | state: 0000 | ld_ac: 0 | alu_enable: 0
State INST_FETCH: 0000
Time: 147000 | PC_out: 0c | Opcode: 101 | Operand: 11010 | Accumulator: 0 | ALU_Result: 0 | Instr: ba | Data_Mem: 00 | Wr_En: 0 | Mux_Sel: 1 | PC_En: 0 | SKZ: 0 | JMP: 0 | state: 0001 | ld_ac: 0 | alu_enable: 0
State INST_LOAD: 0001
Time: 149000 | PC_out: 0c | Opcode: 101 | Operand: 11010 | Accumulator: 0 | ALU_Result: 0 | Instr: ba | Data_Mem: 00 | Wr_En: 0 | Mux_Sel: 1 | PC_En: 0 | SKZ: 0 | JMP: 0 | state: 0010 | ld_ac: 0 | alu_enable: 0
State IDLE: 0010
Time: 151000 | PC_out: 0c | Opcode: 101 | Operand: 11010 | Accumulator: 0 | ALU_Result: 0 | Instr: dc | Data_Mem: 00 | Wr_En: 0 | Mux_Sel: 1 | PC_En: 0 | SKZ: 0 | JMP: 0 | state: 0011 | ld_ac: 0 | alu_enable: 0
State OP_ADDR: 0011
Time: 153000 | PC_out: 0c | Opcode: 110 | Operand: 11100 | Accumulator: 0 | ALU_Result: 0 | Instr: dc | Data_Mem: 00 | Wr_En: 0 | Mux_Sel: 0 | PC_En: 0 | SKZ: 0 | JMP: 0 | state: 0100 | ld_ac: 0 | alu_enable: 0
State OP_FETCH: 0100
Time: 155000 | PC_out: 0c | Opcode: 110 | Operand: 11100 | Accumulator: 0 | ALU_Result: 0 | Instr: dc | Data_Mem: 00 | Wr_En: 0 | Mux_Sel: 0 | PC_En: 0 | SKZ: 0 | JMP: 0 | state: 0101 | ld_ac: 0 | alu_enable: 0
State ALU_OP: 0101
Time: 157000 | PC_out: 0c | Opcode: 110 | Operand: 11100 | Accumulator: 0 | ALU_Result: 0 | Instr: dc | Data_Mem: ff | Wr_En: 0 | Mux_Sel: 0 | PC_En: 0 | SKZ: 0 | JMP: 0 | state: 0110 | ld_ac: 0 | alu_enable: 0
State STORE: 0110
Time: 159000 | PC_out: 0c | Opcode: 110 | Operand: 11100 | Accumulator: 0 | ALU_Result: 0 | Instr: dc | Data_Mem: 00 | Wr_En: 1 | Mux_Sel: 1 | PC_En: 0 | SKZ: 0 | JMP: 0 | state: 0111 | ld_ac: 0 | alu_enable: 0
State INST_ADDR: 0111
Time: 161000 | PC_out: 0c | Opcode: 110 | Operand: 11100 | Accumulator: 0 | ALU_Result: 0 | Instr: dc | Data_Mem: ff | Wr_En: 0 | Mux_Sel: 1 | PC_En: 1 | SKZ: 0 | JMP: 0 | state: 0000 | ld_ac: 0 | alu_enable: 0
State INST_FETCH: 0000
Time: 163000 | PC_out: 0d | Opcode: 110 | Operand: 11100 | Accumulator: 0 | ALU_Result: 0 | Instr: dc | Data_Mem: 00 | Wr_En: 0 | Mux_Sel: 1 | PC_En: 0 | SKZ: 0 | JMP: 0 | state: 0001 | ld_ac: 0 | alu_enable: 0
State INST_LOAD: 0001
Time: 165000 | PC_out: 0d | Opcode: 110 | Operand: 11100 | Accumulator: 0 | ALU_Result: 0 | Instr: dc | Data_Mem: 00 | Wr_En: 0 | Mux_Sel: 1 | PC_En: 0 | SKZ: 0 | JMP: 0 | state: 0010 | ld_ac: 0 | alu_enable: 0
State IDLE: 0010
Time: 167000 | PC_out: 0d | Opcode: 110 | Operand: 11100 | Accumulator: 0 | ALU_Result: 0 | Instr: bc | Data_Mem: 00 | Wr_En: 0 | Mux_Sel: 1 | PC_En: 0 | SKZ: 0 | JMP: 0 | state: 0011 | ld_ac: 0 | alu_enable: 0
State OP_ADDR: 0011
Time: 169000 | PC_out: 0d | Opcode: 101 | Operand: 11100 | Accumulator: 0 | ALU_Result: 0 | Instr: bc | Data_Mem: 00 | Wr_En: 0 | Mux_Sel: 0 | PC_En: 0 | SKZ: 0 | JMP: 0 | state: 0100 | ld_ac: 0 | alu_enable: 0
State OP_FETCH: 0100
Time: 171000 | PC_out: 0d | Opcode: 101 | Operand: 11100 | Accumulator: 0 | ALU_Result: 0 | Instr: bc | Data_Mem: 00 | Wr_En: 0 | Mux_Sel: 0 | PC_En: 0 | SKZ: 0 | JMP: 0 | state: 0101 | ld_ac: 0 | alu_enable: 1
State ALU_OP: 0101
Time: 173000 | PC_out: 0d | Opcode: 101 | Operand: 11100 | Accumulator: 0 | ALU_Result: 0 | Instr: bc | Data_Mem: 00 | Wr_En: 0 | Mux_Sel: 0 | PC_En: 0 | SKZ: 0 | JMP: 0 | state: 0110 | ld_ac: 1 | alu_enable: 1
State STORE: 0110
Time: 175000 | PC_out: 0d | Opcode: 101 | Operand: 11100 | Accumulator: 0 | ALU_Result: 0 | Instr: bc | Data_Mem: 00 | Wr_En: 0 | Mux_Sel: 1 | PC_En: 0 | SKZ: 0 | JMP: 0 | state: 0111 | ld_ac: 1 | alu_enable: 0
State INST_ADDR: 0111
Time: 177000 | PC_out: 0d | Opcode: 101 | Operand: 11100 | Accumulator: 0 | ALU_Result: 0 | Instr: bc | Data_Mem: 00 | Wr_En: 0 | Mux_Sel: 1 | PC_En: 1 | SKZ: 0 | JMP: 0 | state: 0000 | ld_ac: 0 | alu_enable: 0
State INST_FETCH: 0000
Time: 179000 | PC_out: 0e | Opcode: 101 | Operand: 11100 | Accumulator: 0 | ALU_Result: 0 | Instr: bc | Data_Mem: 00 | Wr_En: 0 | Mux_Sel: 1 | PC_En: 0 | SKZ: 0 | JMP: 0 | state: 0001 | ld_ac: 0 | alu_enable: 0
State INST_LOAD: 0001
Time: 181000 | PC_out: 0e | Opcode: 101 | Operand: 11100 | Accumulator: 0 | ALU_Result: 0 | Instr: bc | Data_Mem: 00 | Wr_En: 0 | Mux_Sel: 1 | PC_En: 0 | SKZ: 0 | JMP: 0 | state: 0010 | ld_ac: 0 | alu_enable: 0
State IDLE: 0010
Time: 183000 | PC_out: 0e | Opcode: 101 | Operand: 11100 | Accumulator: 0 | ALU_Result: 0 | Instr: 20 | Data_Mem: 00 | Wr_En: 0 | Mux_Sel: 1 | PC_En: 0 | SKZ: 0 | JMP: 0 | state: 0011 | ld_ac: 0 | alu_enable: 0
State OP_ADDR: 0011
Time: 185000 | PC_out: 0e | Opcode: 001 | Operand: 00000 | Accumulator: 0 | ALU_Result: 0 | Instr: 20 | Data_Mem: 00 | Wr_En: 0 | Mux_Sel: 0 | PC_En: 0 | SKZ: 0 | JMP: 0 | state: 0100 | ld_ac: 0 | alu_enable: 0
State OP_FETCH: 0100
Time: 187000 | PC_out: 0e | Opcode: 001 | Operand: 00000 | Accumulator: 0 | ALU_Result: 0 | Instr: 20 | Data_Mem: 00 | Wr_En: 0 | Mux_Sel: 0 | PC_En: 0 | SKZ: 1 | JMP: 0 | state: 0101 | ld_ac: 0 | alu_enable: 0
State ALU_OP: 0101
Time: 189000 | PC_out: 0e | Opcode: 001 | Operand: 00000 | Accumulator: 0 | ALU_Result: 0 | Instr: 20 | Data_Mem: 00 | Wr_En: 0 | Mux_Sel: 0 | PC_En: 0 | SKZ: 1 | JMP: 0 | state: 0110 | ld_ac: 0 | alu_enable: 0
State STORE: 0110
Time: 191000 | PC_out: 0e | Opcode: 001 | Operand: 00000 | Accumulator: 0 | ALU_Result: 0 | Instr: 20 | Data_Mem: 00 | Wr_En: 0 | Mux_Sel: 1 | PC_En: 1 | SKZ: 1 | JMP: 0 | state: 0111 | ld_ac: 0 | alu_enable: 0
State INST_ADDR: 0111
Time: 193000 | PC_out: 10 | Opcode: 001 | Operand: 00000 | Accumulator: 0 | ALU_Result: 0 | Instr: 20 | Data_Mem: 00 | Wr_En: 0 | Mux_Sel: 1 | PC_En: 0 | SKZ: 0 | JMP: 0 | state: 0000 | ld_ac: 0 | alu_enable: 0
State INST_FETCH: 0000
Time: 195000 | PC_out: 10 | Opcode: 001 | Operand: 00000 | Accumulator: 0 | ALU_Result: 0 | Instr: 20 | Data_Mem: 00 | Wr_En: 0 | Mux_Sel: 1 | PC_En: 0 | SKZ: 0 | JMP: 0 | state: 0001 | ld_ac: 0 | alu_enable: 0
State INST_LOAD: 0001
Time: 197000 | PC_out: 10 | Opcode: 001 | Operand: 00000 | Accumulator: 0 | ALU_Result: 0 | Instr: 9b | Data_Mem: 00 | Wr_En: 0 | Mux_Sel: 1 | PC_En: 0 | SKZ: 0 | JMP: 0 | state: 0010 | ld_ac: 0 | alu_enable: 0
State IDLE: 0010
Time: 199000 | PC_out: 10 | Opcode: 100 | Operand: 11011 | Accumulator: 0 | ALU_Result: 0 | Instr: 9b | Data_Mem: 00 | Wr_En: 0 | Mux_Sel: 1 | PC_En: 0 | SKZ: 0 | JMP: 0 | state: 0011 | ld_ac: 0 | alu_enable: 0
State OP_ADDR: 0011
Time: 201000 | PC_out: 10 | Opcode: 100 | Operand: 11011 | Accumulator: 0 | ALU_Result: 0 | Instr: 9b | Data_Mem: 00 | Wr_En: 0 | Mux_Sel: 0 | PC_En: 0 | SKZ: 0 | JMP: 0 | state: 0100 | ld_ac: 0 | alu_enable: 0
State OP_FETCH: 0100
Time: 203000 | PC_out: 10 | Opcode: 100 | Operand: 11011 | Accumulator: 0 | ALU_Result: 0 | Instr: 9b | Data_Mem: 00 | Wr_En: 0 | Mux_Sel: 0 | PC_En: 0 | SKZ: 0 | JMP: 0 | state: 0101 | ld_ac: 0 | alu_enable: 1
State ALU_OP: 0101
Time: 205000 | PC_out: 10 | Opcode: 100 | Operand: 11011 | Accumulator: 0 | ALU_Result: 0 | Instr: 9b | Data_Mem: ff | Wr_En: 0 | Mux_Sel: 0 | PC_En: 0 | SKZ: 0 | JMP: 0 | state: 0110 | ld_ac: 1 | alu_enable: 1
State STORE: 0110
Time: 207000 | PC_out: 10 | Opcode: 100 | Operand: 11011 | Accumulator: 0 | ALU_Result: 255 | Instr: 9b | Data_Mem: ff | Wr_En: 0 | Mux_Sel: 1 | PC_En: 0 | SKZ: 0 | JMP: 0 | state: 0111 | ld_ac: 1 | alu_enable: 0
State INST_ADDR: 0111
Time: 209000 | PC_out: 10 | Opcode: 100 | Operand: 11011 | Accumulator: 11111111 | ALU_Result: 255 | Instr: 9b | Data_Mem: ff | Wr_En: 0 | Mux_Sel: 1 | PC_En: 1 | SKZ: 0 | JMP: 0 | state: 0000 | ld_ac: 0 | alu_enable: 0
State INST_FETCH: 0000
Time: 211000 | PC_out: 11 | Opcode: 100 | Operand: 11011 | Accumulator: 11111111 | ALU_Result: 255 | Instr: 9b | Data_Mem: ff | Wr_En: 0 | Mux_Sel: 1 | PC_En: 0 | SKZ: 0 | JMP: 0 | state: 0001 | ld_ac: 0 | alu_enable: 0
State INST_LOAD: 0001
Time: 213000 | PC_out: 11 | Opcode: 100 | Operand: 11011 | Accumulator: 11111111 | ALU_Result: 255 | Instr: 9b | Data_Mem: ff | Wr_En: 0 | Mux_Sel: 1 | PC_En: 0 | SKZ: 0 | JMP: 0 | state: 0010 | ld_ac: 0 | alu_enable: 0
State IDLE: 0010
Time: 215000 | PC_out: 11 | Opcode: 100 | Operand: 11011 | Accumulator: 11111111 | ALU_Result: 255 | Instr: 20 | Data_Mem: ff | Wr_En: 0 | Mux_Sel: 1 | PC_En: 0 | SKZ: 0 | JMP: 0 | state: 0011 | ld_ac: 0 | alu_enable: 0
State OP_ADDR: 0011
Time: 217000 | PC_out: 11 | Opcode: 001 | Operand: 00000 | Accumulator: 11111111 | ALU_Result: 255 | Instr: 20 | Data_Mem: ff | Wr_En: 0 | Mux_Sel: 0 | PC_En: 0 | SKZ: 0 | JMP: 0 | state: 0100 | ld_ac: 0 | alu_enable: 0
State OP_FETCH: 0100
Time: 219000 | PC_out: 11 | Opcode: 001 | Operand: 00000 | Accumulator: 11111111 | ALU_Result: 255 | Instr: 20 | Data_Mem: ff | Wr_En: 0 | Mux_Sel: 0 | PC_En: 0 | SKZ: 1 | JMP: 0 | state: 0101 | ld_ac: 0 | alu_enable: 0
State ALU_OP: 0101
Time: 221000 | PC_out: 11 | Opcode: 001 | Operand: 00000 | Accumulator: 11111111 | ALU_Result: 255 | Instr: 20 | Data_Mem: 00 | Wr_En: 0 | Mux_Sel: 0 | PC_En: 0 | SKZ: 1 | JMP: 0 | state: 0110 | ld_ac: 0 | alu_enable: 0
State STORE: 0110
Time: 223000 | PC_out: 11 | Opcode: 001 | Operand: 00000 | Accumulator: 11111111 | ALU_Result: 255 | Instr: 20 | Data_Mem: 00 | Wr_En: 0 | Mux_Sel: 1 | PC_En: 1 | SKZ: 1 | JMP: 0 | state: 0111 | ld_ac: 0 | alu_enable: 0
State INST_ADDR: 0111
Time: 225000 | PC_out: 12 | Opcode: 001 | Operand: 00000 | Accumulator: 11111111 | ALU_Result: 255 | Instr: 20 | Data_Mem: 00 | Wr_En: 0 | Mux_Sel: 1 | PC_En: 0 | SKZ: 0 | JMP: 0 | state: 0000 | ld_ac: 0 | alu_enable: 0
State INST_FETCH: 0000
Time: 227000 | PC_out: 12 | Opcode: 001 | Operand: 00000 | Accumulator: 11111111 | ALU_Result: 255 | Instr: 20 | Data_Mem: 00 | Wr_En: 0 | Mux_Sel: 1 | PC_En: 0 | SKZ: 0 | JMP: 0 | state: 0001 | ld_ac: 0 | alu_enable: 0
State INST_LOAD: 0001
Time: 229000 | PC_out: 12 | Opcode: 001 | Operand: 00000 | Accumulator: 11111111 | ALU_Result: 255 | Instr: f4 | Data_Mem: 00 | Wr_En: 0 | Mux_Sel: 1 | PC_En: 0 | SKZ: 0 | JMP: 0 | state: 0010 | ld_ac: 0 | alu_enable: 0
State IDLE: 0010
Time: 231000 | PC_out: 12 | Opcode: 111 | Operand: 10100 | Accumulator: 11111111 | ALU_Result: 255 | Instr: f4 | Data_Mem: 00 | Wr_En: 0 | Mux_Sel: 1 | PC_En: 0 | SKZ: 0 | JMP: 0 | state: 0011 | ld_ac: 0 | alu_enable: 0
State OP_ADDR: 0011
Time: 233000 | PC_out: 12 | Opcode: 111 | Operand: 10100 | Accumulator: 11111111 | ALU_Result: 255 | Instr: f4 | Data_Mem: 00 | Wr_En: 0 | Mux_Sel: 0 | PC_En: 0 | SKZ: 0 | JMP: 0 | state: 0100 | ld_ac: 0 | alu_enable: 0
State OP_FETCH: 0100
Time: 235000 | PC_out: 12 | Opcode: 111 | Operand: 10100 | Accumulator: 11111111 | ALU_Result: 255 | Instr: f4 | Data_Mem: 00 | Wr_En: 0 | Mux_Sel: 0 | PC_En: 0 | SKZ: 0 | JMP: 1 | state: 0101 | ld_ac: 0 | alu_enable: 0
State ALU_OP: 0101
Time: 237000 | PC_out: 12 | Opcode: 111 | Operand: 10100 | Accumulator: 11111111 | ALU_Result: 255 | Instr: f4 | Data_Mem: 00 | Wr_En: 0 | Mux_Sel: 0 | PC_En: 0 | SKZ: 0 | JMP: 1 | state: 0110 | ld_ac: 0 | alu_enable: 0
State STORE: 0110
Time: 239000 | PC_out: 12 | Opcode: 111 | Operand: 10100 | Accumulator: 11111111 | ALU_Result: 255 | Instr: f4 | Data_Mem: 00 | Wr_En: 0 | Mux_Sel: 1 | PC_En: 1 | SKZ: 0 | JMP: 1 | state: 0111 | ld_ac: 0 | alu_enable: 0
State INST_ADDR: 0111
Time: 241000 | PC_out: 14 | Opcode: 111 | Operand: 10100 | Accumulator: 11111111 | ALU_Result: 255 | Instr: f4 | Data_Mem: 00 | Wr_En: 0 | Mux_Sel: 1 | PC_En: 0 | SKZ: 0 | JMP: 0 | state: 0000 | ld_ac: 0 | alu_enable: 0
State INST_FETCH: 0000
Time: 243000 | PC_out: 14 | Opcode: 111 | Operand: 10100 | Accumulator: 11111111 | ALU_Result: 255 | Instr: f4 | Data_Mem: 00 | Wr_En: 0 | Mux_Sel: 1 | PC_En: 0 | SKZ: 0 | JMP: 0 | state: 0001 | ld_ac: 0 | alu_enable: 0
State INST_LOAD: 0001
Time: 245000 | PC_out: 14 | Opcode: 111 | Operand: 10100 | Accumulator: 11111111 | ALU_Result: 255 | Instr: 9b | Data_Mem: 00 | Wr_En: 0 | Mux_Sel: 1 | PC_En: 0 | SKZ: 0 | JMP: 0 | state: 0010 | ld_ac: 0 | alu_enable: 0
State IDLE: 0010
Time: 247000 | PC_out: 14 | Opcode: 100 | Operand: 11011 | Accumulator: 11111111 | ALU_Result: 255 | Instr: 9b | Data_Mem: 00 | Wr_En: 0 | Mux_Sel: 1 | PC_En: 0 | SKZ: 0 | JMP: 0 | state: 0011 | ld_ac: 0 | alu_enable: 0
State OP_ADDR: 0011
Time: 249000 | PC_out: 14 | Opcode: 100 | Operand: 11011 | Accumulator: 11111111 | ALU_Result: 255 | Instr: 9b | Data_Mem: 00 | Wr_En: 0 | Mux_Sel: 0 | PC_En: 0 | SKZ: 0 | JMP: 0 | state: 0100 | ld_ac: 0 | alu_enable: 0
State OP_FETCH: 0100
Time: 251000 | PC_out: 14 | Opcode: 100 | Operand: 11011 | Accumulator: 11111111 | ALU_Result: 255 | Instr: 9b | Data_Mem: 00 | Wr_En: 0 | Mux_Sel: 0 | PC_En: 0 | SKZ: 0 | JMP: 0 | state: 0101 | ld_ac: 0 | alu_enable: 1
State ALU_OP: 0101
Time: 253000 | PC_out: 14 | Opcode: 100 | Operand: 11011 | Accumulator: 11111111 | ALU_Result: 255 | Instr: 9b | Data_Mem: ff | Wr_En: 0 | Mux_Sel: 0 | PC_En: 0 | SKZ: 0 | JMP: 0 | state: 0110 | ld_ac: 1 | alu_enable: 1
State STORE: 0110
Time: 255000 | PC_out: 14 | Opcode: 100 | Operand: 11011 | Accumulator: 11111111 | ALU_Result: 0 | Instr: 9b | Data_Mem: ff | Wr_En: 0 | Mux_Sel: 1 | PC_En: 0 | SKZ: 0 | JMP: 0 | state: 0111 | ld_ac: 1 | alu_enable: 0
State INST_ADDR: 0111
Time: 257000 | PC_out: 14 | Opcode: 100 | Operand: 11011 | Accumulator: 0 | ALU_Result: 0 | Instr: 9b | Data_Mem: ff | Wr_En: 0 | Mux_Sel: 1 | PC_En: 1 | SKZ: 0 | JMP: 0 | state: 0000 | ld_ac: 0 | alu_enable: 0
State INST_FETCH: 0000
Time: 259000 | PC_out: 15 | Opcode: 100 | Operand: 11011 | Accumulator: 0 | ALU_Result: 0 | Instr: 9b | Data_Mem: ff | Wr_En: 0 | Mux_Sel: 1 | PC_En: 0 | SKZ: 0 | JMP: 0 | state: 0001 | ld_ac: 0 | alu_enable: 0
State INST_LOAD: 0001
Time: 261000 | PC_out: 15 | Opcode: 100 | Operand: 11011 | Accumulator: 0 | ALU_Result: 0 | Instr: 9b | Data_Mem: ff | Wr_En: 0 | Mux_Sel: 1 | PC_En: 0 | SKZ: 0 | JMP: 0 | state: 0010 | ld_ac: 0 | alu_enable: 0
State IDLE: 0010
Time: 263000 | PC_out: 15 | Opcode: 100 | Operand: 11011 | Accumulator: 0 | ALU_Result: 0 | Instr: 20 | Data_Mem: ff | Wr_En: 0 | Mux_Sel: 1 | PC_En: 0 | SKZ: 0 | JMP: 0 | state: 0011 | ld_ac: 0 | alu_enable: 0
State OP_ADDR: 0011
Time: 265000 | PC_out: 15 | Opcode: 001 | Operand: 00000 | Accumulator: 0 | ALU_Result: 0 | Instr: 20 | Data_Mem: ff | Wr_En: 0 | Mux_Sel: 0 | PC_En: 0 | SKZ: 0 | JMP: 0 | state: 0100 | ld_ac: 0 | alu_enable: 0
State OP_FETCH: 0100
Time: 267000 | PC_out: 15 | Opcode: 001 | Operand: 00000 | Accumulator: 0 | ALU_Result: 0 | Instr: 20 | Data_Mem: ff | Wr_En: 0 | Mux_Sel: 0 | PC_En: 0 | SKZ: 1 | JMP: 0 | state: 0101 | ld_ac: 0 | alu_enable: 0
State ALU_OP: 0101
Time: 269000 | PC_out: 15 | Opcode: 001 | Operand: 00000 | Accumulator: 0 | ALU_Result: 0 | Instr: 20 | Data_Mem: 00 | Wr_En: 0 | Mux_Sel: 0 | PC_En: 0 | SKZ: 1 | JMP: 0 | state: 0110 | ld_ac: 0 | alu_enable: 0
State STORE: 0110
Time: 271000 | PC_out: 15 | Opcode: 001 | Operand: 00000 | Accumulator: 0 | ALU_Result: 0 | Instr: 20 | Data_Mem: 00 | Wr_En: 0 | Mux_Sel: 1 | PC_En: 1 | SKZ: 1 | JMP: 0 | state: 0111 | ld_ac: 0 | alu_enable: 0
State INST_ADDR: 0111
Time: 273000 | PC_out: 17 | Opcode: 001 | Operand: 00000 | Accumulator: 0 | ALU_Result: 0 | Instr: 20 | Data_Mem: 00 | Wr_En: 0 | Mux_Sel: 1 | PC_En: 0 | SKZ: 0 | JMP: 0 | state: 0000 | ld_ac: 0 | alu_enable: 0
State INST_FETCH: 0000
Time: 275000 | PC_out: 17 | Opcode: 001 | Operand: 00000 | Accumulator: 0 | ALU_Result: 0 | Instr: 20 | Data_Mem: 00 | Wr_En: 0 | Mux_Sel: 1 | PC_En: 0 | SKZ: 0 | JMP: 0 | state: 0001 | ld_ac: 0 | alu_enable: 0
State INST_LOAD: 0001
Time: 277000 | PC_out: 17 | Opcode: 001 | Operand: 00000 | Accumulator: 0 | ALU_Result: 0 | Instr: 00 | Data_Mem: 00 | Wr_En: 0 | Mux_Sel: 1 | PC_En: 0 | SKZ: 0 | JMP: 0 | state: 0010 | ld_ac: 0 | alu_enable: 0
State IDLE: 0010
Time: 279000 | PC_out: 17 | Opcode: 000 | Operand: 00000 | Accumulator: 0 | ALU_Result: 0 | Instr: 00 | Data_Mem: 00 | Wr_En: 0 | Mux_Sel: 1 | PC_En: 0 |